gsdhbfhdsanf klkadsnfjaf
afojasodhasofhas
foiahsfdasuofoasj